Godot Engine v4.7.stable.official.5b4e0cb0f - https://godotengine.org

ERROR: Failed to read the root certificate store.
   at: get_system_ca_certificates (platform/windows/os_windows.cpp:2582)
  L2 t=4 x=687 y=-0 vx=340 floor=true hit=/root/Autoplay/Main/LevelHolder/Level06/Ground1 maxx=687 hp=125 respawns=0
  L2 t=8 x=2036 y=-90 vx=340 floor=true hit=/root/Autoplay/Main/LevelHolder/Level06/Ground5 maxx=2036 hp=125 respawns=0
  L2 t=12 x=2825 y=33 vx=0 floor=false hit=/root/Autoplay/Main/LevelHolder/Level06/MovingPlatform maxx=2826 hp=125 respawns=0
  L2 t=16 x=3169 y=-0 vx=0 floor=true hit=/root/Autoplay/Main/LevelHolder/Level06/Ground8 maxx=3239 hp=125 respawns=0
  L2 t=20 x=3169 y=-0 vx=0 floor=true hit=/root/Autoplay/Main/LevelHolder/Level06/Ground8 maxx=3239 hp=125 respawns=0
  L2 t=24 x=4088 y=-185 vx=340 floor=false hit=- maxx=4088 hp=125 respawns=0
  L2 t=28 x=5015 y=-0 vx=340 floor=true hit=/root/Autoplay/Main/LevelHolder/Level06/Ground12 maxx=5015 hp=125 respawns=0
  L2 t=32 x=5896 y=-0 vx=3 floor=true hit=/root/Autoplay/Main/LevelHolder/Level06/Ground13 maxx=5896 hp=125 respawns=0
  L2 t=36 x=6580 y=-0 vx=340 floor=true hit=/root/Autoplay/Main/LevelHolder/Level06/Ground13 maxx=6580 hp=115 respawns=0
  L2 t=40 x=7940 y=-177 vx=340 floor=false hit=- maxx=7940 hp=115 respawns=0
  L2 t=44 x=8697 y=-0 vx=0 floor=true hit=/root/Autoplay/Main/LevelHolder/Level06/Ground19 maxx=8697 hp=115 respawns=0
  L2 t=48 x=9269 y=-0 vx=200 floor=true hit=/root/Autoplay/Main/LevelHolder/Level06/Ground19 maxx=9269 hp=115 respawns=0
  L2 t=52 x=10424 y=-0 vx=340 floor=true hit=/root/Autoplay/Main/LevelHolder/Level06/Ground20 maxx=10424 hp=115 respawns=0
  L2 t=56 x=11784 y=-217 vx=340 floor=false hit=- maxx=11784 hp=115 respawns=0
  L2 t=60 x=13092 y=-9 vx=-217 floor=false hit=- maxx=13107 hp=105 respawns=0
  L2 t=64 x=13748 y=-0 vx=340 floor=true hit=/root/Autoplay/Main/LevelHolder/Level06/Ground26 maxx=13748 hp=105 respawns=0
  L2 t=68 x=14093 y=-0 vx=200 floor=true hit=/root/Autoplay/Main/LevelHolder/Level06/Ground26 maxx=14165 hp=105 respawns=0
  L2 t=72 x=14658 y=-0 vx=0 floor=true hit=/root/Autoplay/Main/LevelHolder/Level06/Ground26 maxx=14658 hp=95 respawns=0
  L2 t=76 x=14385 y=-0 vx=-200 floor=true hit=/root/Autoplay/Main/LevelHolder/Level06/Ground26 maxx=14755 hp=85 respawns=0
  L2 t=80 x=14142 y=-0 vx=340 floor=true hit=/root/Autoplay/Main/LevelHolder/Level06/Ground26 maxx=14755 hp=85 respawns=0
  L2 t=84 x=15502 y=-0 vx=340 floor=true hit=/root/Autoplay/Main/LevelHolder/Level06/Ground27 maxx=15502 hp=115 respawns=0
  L2 t=88 x=16862 y=-60 vx=340 floor=true hit=/root/Autoplay/Main/LevelHolder/Level06/Ground28 maxx=16862 hp=115 respawns=0
  L2 t=92 x=17572 y=-227 vx=340 floor=false hit=- maxx=17572 hp=115 respawns=0
  L2 t=96 x=18440 y=-136 vx=340 floor=false hit=- maxx=18440 hp=105 respawns=0
  L2 t=100 x=19800 y=-0 vx=340 floor=true hit=/root/Autoplay/Main/LevelHolder/Level06/Ground33 maxx=19800 hp=105 respawns=0
  L2 t=104 x=21158 y=-0 vx=273 floor=true hit=/root/Autoplay/Main/LevelHolder/Level06/Ground34 maxx=21158 hp=105 respawns=0
  L2 t=108 x=21693 y=-0 vx=-90 floor=true hit=/root/Autoplay/Main/LevelHolder/Level06/Ground34 maxx=21752 hp=95 respawns=0
  L2 t=112 x=22731 y=-179 vx=340 floor=false hit=- maxx=22731 hp=95 respawns=0
  L2 t=116 x=24091 y=-0 vx=340 floor=true hit=/root/Autoplay/Main/LevelHolder/Level06/Ground40 maxx=24091 hp=95 respawns=0
  L2 t=120 x=24665 y=-0 vx=0 floor=true hit=/root/Autoplay/Main/LevelHolder/Level06/Ground40 maxx=24665 hp=85 respawns=0
  L2 t=124 x=25161 y=-0 vx=620 floor=true hit=/root/Autoplay/Main/LevelHolder/Level06/Ground40 maxx=25161 hp=75 respawns=0
  L2 t=128 x=26528 y=-0 vx=340 floor=true hit=/root/Autoplay/Main/LevelHolder/Level06/Ground41 maxx=26528 hp=75 respawns=0
  L2 t=132 x=27888 y=-0 vx=340 floor=true hit=/root/Autoplay/Main/LevelHolder/Level06/Ground42 maxx=27888 hp=75 respawns=0
  L2 t=136 x=28543 y=-0 vx=620 floor=true hit=/root/Autoplay/Main/LevelHolder/Level06/Ground43 maxx=28543 hp=75 respawns=0
  L2 t=140 x=29455 y=-0 vx=340 floor=true hit=/root/Autoplay/Main/LevelHolder/Level06/Ground43 maxx=29455 hp=95 respawns=0
  L2 t=144 x=29914 y=-0 vx=200 floor=true hit=/root/Autoplay/Main/LevelHolder/Level06/Ground43 maxx=29969 hp=85 respawns=0
  L2 t=148 x=30190 y=-0 vx=0 floor=true hit=/root/Autoplay/Main/LevelHolder/Level06/Ground43 maxx=30235 hp=75 respawns=0
  L2 t=152 x=30110 y=-0 vx=-200 floor=true hit=/root/Autoplay/Main/LevelHolder/Level06/Ground43 maxx=30259 hp=75 respawns=0
  L2 t=156 x=29966 y=-0 vx=340 floor=true hit=/root/Autoplay/Main/LevelHolder/Level06/Ground43 maxx=30259 hp=65 respawns=0
  L2 t=160 x=31326 y=-0 vx=340 floor=true hit=/root/Autoplay/Main/LevelHolder/Level06/Ground44 maxx=31326 hp=65 respawns=0
  L2 t=164 x=32686 y=-0 vx=340 floor=true hit=/root/Autoplay/Main/LevelHolder/Level06/Ground45 maxx=32686 hp=65 respawns=0
  L2 t=168 x=34001 y=-171 vx=340 floor=false hit=- maxx=34001 hp=65 respawns=0
  L2 t=172 x=35361 y=-108 vx=340 floor=false hit=- maxx=35361 hp=65 respawns=0
  L2 t=176 x=36070 y=-0 vx=340 floor=true hit=/root/Autoplay/Main/LevelHolder/Level06/Ground51 maxx=36070 hp=65 respawns=0
  L2 t=180 x=36666 y=-0 vx=0 floor=true hit=/root/Autoplay/Main/LevelHolder/Level06/Ground51 maxx=36666 hp=55 respawns=0
  L2 t=184 x=37639 y=-0 vx=340 floor=true hit=/root/Autoplay/Main/LevelHolder/Level06/Ground51 maxx=37639 hp=55 respawns=0
  L2 t=188 x=39000 y=-0 vx=340 floor=true hit=/root/Autoplay/Main/LevelHolder/Level06/Ground52 maxx=39000 hp=55 respawns=0
  L2 t=192 x=40317 y=-130 vx=340 floor=true hit=/root/Autoplay/Main/LevelHolder/Level06/Ground54 maxx=40317 hp=55 respawns=0
  L2 t=196 x=41272 y=-0 vx=0 floor=true hit=/root/Autoplay/Main/LevelHolder/Level06/Ground56 maxx=41333 hp=45 respawns=0
  L2 t=200 x=41885 y=-0 vx=340 floor=true hit=/root/Autoplay/Main/LevelHolder/Level06/Ground56 maxx=41885 hp=45 respawns=0
  L2 t=204 x=42448 y=-0 vx=0 floor=true hit=/root/Autoplay/Main/LevelHolder/Level06/Ground56 maxx=42508 hp=35 respawns=0
  L2 t=208 x=42444 y=-0 vx=0 floor=true hit=/root/Autoplay/Main/LevelHolder/Level06/Ground56 maxx=42508 hp=35 respawns=0
  L2 t=212 x=42483 y=-0 vx=0 floor=true hit=/root/Autoplay/Main/LevelHolder/Level06/Ground56 maxx=42656 hp=35 respawns=0
  L2 t=216 x=42487 y=-0 vx=-200 floor=true hit=/root/Autoplay/Main/LevelHolder/Level06/Ground56 maxx=42689 hp=35 respawns=0
  L2 t=220 x=42596 y=-0 vx=340 floor=true hit=/root/Autoplay/Main/LevelHolder/Level06/Ground56 maxx=42689 hp=25 respawns=0
  L2 t=224 x=43956 y=-0 vx=340 floor=true hit=/root/Autoplay/Main/LevelHolder/Level06/Ground58 maxx=43956 hp=25 respawns=0
  L2 t=228 x=45317 y=-0 vx=340 floor=true hit=/root/Autoplay/Main/LevelHolder/Level06/Ground58 maxx=45317 hp=25 respawns=0
  L2 t=232 x=46637 y=-60 vx=340 floor=true hit=/root/Autoplay/Main/LevelHolder/Level06/Ground61 maxx=46637 hp=25 respawns=0
  L2 t=236 x=47392 y=-0 vx=340 floor=true hit=/root/Autoplay/Main/LevelHolder/Level06/Ground62 maxx=47392 hp=15 respawns=0
  L2 t=240 x=48000 y=-0 vx=0 floor=true hit=/root/Autoplay/Main/LevelHolder/Level06/Ground62 maxx=48063 hp=5 respawns=0
  L2 t=244 x=48099 y=-0 vx=57 floor=true hit=/root/Autoplay/Main/LevelHolder/Level06/Ground62 maxx=48099 hp=0 respawns=0
  L2 t=248 x=48100 y=-0 vx=0 floor=true hit=/root/Autoplay/Main/LevelHolder/Level06/Ground62 maxx=48100 hp=0 respawns=0
  L2 t=252 x=48100 y=-0 vx=0 floor=true hit=/root/Autoplay/Main/LevelHolder/Level06/Ground62 maxx=48100 hp=0 respawns=0
  L2 t=256 x=48100 y=-0 vx=0 floor=true hit=/root/Autoplay/Main/LevelHolder/Level06/Ground62 maxx=48100 hp=0 respawns=0
  L2 t=260 x=48100 y=-0 vx=0 floor=true hit=/root/Autoplay/Main/LevelHolder/Level06/Ground62 maxx=48100 hp=0 respawns=0
  L2 t=264 x=48100 y=-0 vx=0 floor=true hit=/root/Autoplay/Main/LevelHolder/Level06/Ground62 maxx=48100 hp=0 respawns=0
  L2 t=268 x=48100 y=-0 vx=0 floor=true hit=/root/Autoplay/Main/LevelHolder/Level06/Ground62 maxx=48100 hp=0 respawns=0
