Godot Engine v4.7.stable.official.5b4e0cb0f - https://godotengine.org

ERROR: Failed to read the root certificate store.
   at: get_system_ca_certificates (platform/windows/os_windows.cpp:2582)
  L4 t=4 x=552 y=-0 vx=340 floor=true hit=/root/Autoplay/Main/LevelHolder/Level02/GroundA maxx=552 hp=125 respawns=0
  L4 t=8 x=1641 y=-140 vx=340 floor=true hit=/root/Autoplay/Main/LevelHolder/Level02/Roof3 maxx=1641 hp=125 respawns=0
  L4 t=12 x=2905 y=-250 vx=207 floor=true hit=/root/Autoplay/Main/LevelHolder/Level02/GroundCtop maxx=2905 hp=125 respawns=0
  L4 t=16 x=3880 y=-70 vx=340 floor=true hit=/root/Autoplay/Main/LevelHolder/Level02/GroundD2 maxx=3880 hp=115 respawns=0
  L4 t=20 x=5240 y=-70 vx=340 floor=true hit=/root/Autoplay/Main/LevelHolder/Level02/GroundF maxx=5240 hp=115 respawns=0
  L4 t=24 x=5535 y=-70 vx=0 floor=true hit=/root/Autoplay/Main/LevelHolder/Level02/GroundF maxx=5535 hp=115 respawns=0
  L4 t=28 x=6437 y=-0 vx=340 floor=true hit=/root/Autoplay/Main/LevelHolder/Level02/RedesignLayer/ExtensionGround1 maxx=6437 hp=105 respawns=0
  L4 t=32 x=6719 y=-0 vx=33 floor=true hit=/root/Autoplay/Main/LevelHolder/Level02/RedesignLayer/ExtensionGround1 maxx=6719 hp=99 respawns=0
  L4 t=36 x=7850 y=-120 vx=340 floor=true hit=/root/Autoplay/Main/LevelHolder/Level02/RedesignLayer/ExtensionGround3 maxx=7850 hp=99 respawns=0
  L4 t=40 x=8968 y=-0 vx=200 floor=true hit=/root/Autoplay/Main/LevelHolder/Level02/RedesignLayer/ExtensionGround5 maxx=8968 hp=93 respawns=0
  L4 t=44 x=9340 y=-0 vx=0 floor=true hit=/root/Autoplay/Main/LevelHolder/Level02/RedesignLayer/ExtensionGround5 maxx=9400 hp=83 respawns=0
  L4 t=48 x=10057 y=-0 vx=200 floor=true hit=/root/Autoplay/Main/LevelHolder/Level02/RedesignLayer/ExtensionGround5 maxx=10057 hp=107 respawns=0
  L4 t=52 x=10120 y=-0 vx=-3 floor=true hit=/root/Autoplay/Main/LevelHolder/Level02/RedesignLayer/ExtensionGround5 maxx=10254 hp=107 respawns=0
  L4 t=56 x=10195 y=-0 vx=-200 floor=true hit=/root/Autoplay/Main/LevelHolder/Level02/RedesignLayer/ExtensionGround5 maxx=10254 hp=107 respawns=0
  L4 t=60 x=9761 y=-0 vx=-200 floor=true hit=/root/Autoplay/Main/LevelHolder/Level02/RedesignLayer/ExtensionGround5 maxx=10254 hp=107 respawns=0
  L4 t=64 x=10554 y=-0 vx=340 floor=true hit=/root/Autoplay/Main/LevelHolder/Level02/RedesignLayer/ExtensionGround5 maxx=10554 hp=97 respawns=0
  L4 t=68 x=11914 y=-82 vx=340 floor=false hit=- maxx=11914 hp=97 respawns=0
  L4 t=72 x=12786 y=-50 vx=200 floor=true hit=/root/Autoplay/Main/LevelHolder/Level02/RedesignLayer/ExtensionGround9 maxx=12786 hp=91 respawns=0
  L4 t=76 x=13516 y=-162 vx=340 floor=false hit=- maxx=13516 hp=91 respawns=0
  L4 t=80 x=14545 y=-0 vx=340 floor=true hit=/root/Autoplay/Main/LevelHolder/Level02/RedesignLayer/ExtensionGround12 maxx=14545 hp=91 respawns=0
  L4 t=84 x=15198 y=-0 vx=340 floor=true hit=/root/Autoplay/Main/LevelHolder/Level02/RedesignLayer/ExtensionGround12 maxx=15198 hp=75 respawns=0
  L4 t=88 x=15787 y=-0 vx=340 floor=true hit=/root/Autoplay/Main/LevelHolder/Level02/RedesignLayer/ExtensionGround12 maxx=15787 hp=75 respawns=0
  L4 t=92 x=16674 y=-0 vx=0 floor=true hit=/root/Autoplay/Main/LevelHolder/Level02/RedesignLayer/ExtensionGround13 maxx=16736 hp=65 respawns=0
  L4 t=96 x=17310 y=-0 vx=620 floor=true hit=/root/Autoplay/Main/LevelHolder/Level02/RedesignLayer/ExtensionGround13 maxx=17310 hp=65 respawns=0
  L4 t=100 x=18718 y=-172 vx=340 floor=false hit=- maxx=18718 hp=65 respawns=0
  L4 t=104 x=19553 y=-0 vx=0 floor=true hit=/root/Autoplay/Main/LevelHolder/Level02/RedesignLayer/ExtensionGround17 maxx=19553 hp=59 respawns=0
  L4 t=108 x=19936 y=-0 vx=620 floor=true hit=/root/Autoplay/Main/LevelHolder/Level02/RedesignLayer/ExtensionGround17 maxx=19936 hp=49 respawns=0
  L4 t=112 x=21302 y=-0 vx=340 floor=true hit=/root/Autoplay/Main/LevelHolder/Level02/RedesignLayer/ExtensionGround17 maxx=21302 hp=49 respawns=0
  L4 t=116 x=22662 y=-152 vx=340 floor=false hit=- maxx=22662 hp=49 respawns=0
  L4 t=120 x=24022 y=-50 vx=340 floor=true hit=/root/Autoplay/Main/LevelHolder/Level02/RedesignLayer/ExtensionGround23 maxx=24022 hp=49 respawns=0
  L4 t=124 x=24686 y=-0 vx=0 floor=true hit=/root/Autoplay/Main/LevelHolder/Level02/RedesignLayer/ExtensionGround24 maxx=24686 hp=43 respawns=0
  L4 t=128 x=25262 y=-0 vx=340 floor=true hit=/root/Autoplay/Main/LevelHolder/Level02/RedesignLayer/ExtensionGround24 maxx=25262 hp=33 respawns=0
  L4 t=132 x=25972 y=-0 vx=340 floor=true hit=/root/Autoplay/Main/LevelHolder/Level02/RedesignLayer/ExtensionGround25 maxx=25972 hp=33 respawns=0
  L4 t=136 x=27118 y=-0 vx=270 floor=true hit=/root/Autoplay/Main/LevelHolder/Level02/RedesignLayer/ExtensionGround25 maxx=27160 hp=57 respawns=0
  L4 t=140 x=27704 y=-0 vx=340 floor=true hit=/root/Autoplay/Main/LevelHolder/Level02/RedesignLayer/ExtensionGround25 maxx=27704 hp=57 respawns=0
  L4 t=144 x=28203 y=-0 vx=0 floor=true hit=/root/Autoplay/Main/LevelHolder/Level02/RedesignLayer/ExtensionGround25 maxx=28203 hp=51 respawns=0
  L4 t=148 x=28815 y=-0 vx=200 floor=true hit=/root/Autoplay/Main/LevelHolder/Level02/RedesignLayer/ExtensionGround25 maxx=28815 hp=45 respawns=0
  L4 t=152 x=28571 y=-0 vx=-200 floor=true hit=/root/Autoplay/Main/LevelHolder/Level02/RedesignLayer/ExtensionGround25 maxx=28838 hp=23 respawns=0
  L4 t=156 x=28406 y=-0 vx=240 floor=true hit=/root/Autoplay/Main/LevelHolder/Level02/RedesignLayer/ExtensionGround25 maxx=28838 hp=23 respawns=0
  L4 t=160 x=28201 y=0 vx=0 floor=true hit=/root/Autoplay/Main/LevelHolder/Level02/RedesignLayer/ExtensionGround25 maxx=28838 hp=125 respawns=2
  L4 t=164 x=28714 y=0 vx=200 floor=true hit=/root/Autoplay/Main/LevelHolder/Level02/RedesignLayer/ExtensionGround25 maxx=28838 hp=125 respawns=2
  L4 t=168 x=29028 y=-0 vx=0 floor=true hit=/root/Autoplay/Main/LevelHolder/Level02/RedesignLayer/ExtensionGround25 maxx=29028 hp=119 respawns=2
  L4 t=172 x=30289 y=-207 vx=340 floor=false hit=- maxx=30289 hp=119 respawns=2
  L4 t=176 x=31649 y=-0 vx=340 floor=true hit=/root/Autoplay/Main/LevelHolder/Level02/RedesignLayer/ExtensionGround29 maxx=31649 hp=119 respawns=2
  L4 t=180 x=33008 y=-0 vx=340 floor=true hit=/root/Autoplay/Main/LevelHolder/Level02/RedesignLayer/ExtensionGround30 maxx=33008 hp=119 respawns=2
  L4 t=184 x=33662 y=-0 vx=340 floor=true hit=/root/Autoplay/Main/LevelHolder/Level02/RedesignLayer/ExtensionGround30 maxx=33662 hp=103 respawns=2
  L4 t=188 x=34138 y=-50 vx=340 floor=true hit=/root/Autoplay/Main/LevelHolder/Level02/RedesignLayer/ExtensionGround31 maxx=34138 hp=103 respawns=2
  L4 t=192 x=35498 y=-120 vx=340 floor=true hit=/root/Autoplay/Main/LevelHolder/Level02/RedesignLayer/ExtensionGround34 maxx=35498 hp=103 respawns=2
  L4 t=196 x=36556 y=-0 vx=200 floor=true hit=/root/Autoplay/Main/LevelHolder/Level02/RedesignLayer/ExtensionGround36 maxx=36556 hp=97 respawns=2
  L4 t=200 x=36798 y=-0 vx=200 floor=true hit=/root/Autoplay/Main/LevelHolder/Level02/RedesignLayer/ExtensionGround36 maxx=36798 hp=97 respawns=2
  L4 t=204 x=37529 y=-0 vx=0 floor=true hit=/root/Autoplay/Main/LevelHolder/Level02/RedesignLayer/ExtensionGround36 maxx=37590 hp=87 respawns=2
  L4 t=208 x=38824 y=-0 vx=340 floor=true hit=/root/Autoplay/Main/LevelHolder/Level02/RedesignLayer/ExtensionGround37 maxx=38824 hp=117 respawns=2
  L4 t=212 x=39682 y=-12 vx=-217 floor=false hit=- maxx=39708 hp=107 respawns=2
  L4 t=216 x=39879 y=-0 vx=-200 floor=true hit=/root/Autoplay/Main/LevelHolder/Level02/RedesignLayer/ExtensionGround37 maxx=39897 hp=101 respawns=2
  L4 t=220 x=39359 y=-0 vx=-200 floor=true hit=/root/Autoplay/Main/LevelHolder/Level02/RedesignLayer/ExtensionGround37 maxx=39897 hp=89 respawns=2
  L4 t=224 x=39644 y=-5 vx=217 floor=false hit=- maxx=39897 hp=83 respawns=2
  L4 t=228 x=39324 y=-0 vx=-200 floor=true hit=/root/Autoplay/Main/LevelHolder/Level02/RedesignLayer/ExtensionGround37 maxx=39897 hp=77 respawns=2
  L4 t=232 x=39589 y=-0 vx=200 floor=true hit=/root/Autoplay/Main/LevelHolder/Level02/RedesignLayer/ExtensionGround37 maxx=39897 hp=77 respawns=2
  L4 t=236 x=40127 y=-0 vx=217 floor=true hit=/root/Autoplay/Main/LevelHolder/Level02/RedesignLayer/ExtensionGround37 maxx=40127 hp=67 respawns=2
  L4 t=240 x=41485 y=-0 vx=340 floor=true hit=/root/Autoplay/Main/LevelHolder/Level02/RedesignLayer/ExtensionGround38 maxx=41485 hp=67 respawns=2
  L4 t=244 x=42845 y=-177 vx=340 floor=false hit=- maxx=42845 hp=67 respawns=2
  L4 t=248 x=44205 y=-70 vx=340 floor=true hit=/root/Autoplay/Main/LevelHolder/Level02/RedesignLayer/ExtensionGround43 maxx=44205 hp=67 respawns=2
  L4 t=252 x=44797 y=-0 vx=620 floor=true hit=/root/Autoplay/Main/LevelHolder/Level02/RedesignLayer/ExtensionGround44 maxx=44797 hp=67 respawns=2
  L4 t=256 x=45705 y=-0 vx=340 floor=true hit=/root/Autoplay/Main/LevelHolder/Level02/RedesignLayer/ExtensionGround44 maxx=45705 hp=57 respawns=2
  L4 t=260 x=46103 y=-0 vx=0 floor=true hit=/root/Autoplay/Main/LevelHolder/Level02/RedesignLayer/ExtensionGround44 maxx=46103 hp=51 respawns=2
  L4 t=264 x=47444 y=-0 vx=340 floor=true hit=/root/Autoplay/Main/LevelHolder/Level02/RedesignLayer/ExtensionGround45 maxx=47444 hp=81 respawns=2
  L4 t=268 x=48103 y=-0 vx=-200 floor=true hit=/root/Autoplay/Main/LevelHolder/Level02/RedesignLayer/ExtensionGround45 maxx=48115 hp=81 respawns=2
  L4 t=272 x=48097 y=-0 vx=340 floor=true hit=/root/Autoplay/Main/LevelHolder/Level02/RedesignLayer/ExtensionGround45 maxx=48115 hp=71 respawns=2
  L4 t=276 x=47789 y=-0 vx=-200 floor=true hit=/root/Autoplay/Main/LevelHolder/Level02/RedesignLayer/ExtensionGround45 maxx=48164 hp=59 respawns=2
  L4 t=280 x=47929 y=-0 vx=-260 floor=true hit=/root/Autoplay/Main/LevelHolder/Level02/RedesignLayer/ExtensionGround45 maxx=48164 hp=47 respawns=2
  L4 t=284 x=48227 y=-0 vx=0 floor=true hit=/root/Autoplay/Main/LevelHolder/Level02/RedesignLayer/ExtensionGround45 maxx=48227 hp=47 respawns=2
PROBE Bölüm 4: CLEARED @48859  t=286.0s
