Godot Engine v4.7.stable.official.5b4e0cb0f - https://godotengine.org

ERROR: Failed to read the root certificate store.
   at: get_system_ca_certificates (platform/windows/os_windows.cpp:2582)
  L3 t=4 x=34322 y=-0 vx=340 floor=true hit=/root/Autoplay/Main/LevelHolder/Level07/Ground41 maxx=34322 hp=125 respawns=0
  L3 t=8 x=34324 y=-0 vx=0 floor=true hit=/root/Autoplay/Main/LevelHolder/Level07/Ground41 maxx=34479 hp=125 respawns=0
  L3 t=12 x=34732 y=-0 vx=-90 floor=true hit=/root/Autoplay/Main/LevelHolder/Level07/Ground41 maxx=34791 hp=115 respawns=0
  L3 t=16 x=34873 y=-0 vx=-200 floor=true hit=/root/Autoplay/Main/LevelHolder/Level07/Ground41 maxx=34979 hp=115 respawns=0
  L3 t=20 x=34426 y=-0 vx=-200 floor=true hit=/root/Autoplay/Main/LevelHolder/Level07/Ground41 maxx=34979 hp=105 respawns=0
  L3 t=24 x=34675 y=-0 vx=289 floor=true hit=/root/Autoplay/Main/LevelHolder/Level07/Ground41 maxx=34979 hp=95 respawns=0
  L3 t=28 x=35831 y=-50 vx=289 floor=true hit=/root/Autoplay/Main/LevelHolder/Level07/Ground43 maxx=35831 hp=95 respawns=0
  L3 t=32 x=36987 y=-110 vx=289 floor=true hit=/root/Autoplay/Main/LevelHolder/Level07/Ground46 maxx=36987 hp=95 respawns=0
  L3 t=36 x=34185 y=-0 vx=340 floor=true hit=/root/Autoplay/Main/LevelHolder/Level07/Ground41 maxx=37835 hp=125 respawns=1
  L3 t=40 x=35545 y=-0 vx=340 floor=true hit=/root/Autoplay/Main/LevelHolder/Level07/Ground42 maxx=37835 hp=125 respawns=1
  L3 t=44 x=36906 y=-121 vx=340 floor=false hit=- maxx=37835 hp=125 respawns=1
  L3 t=48 x=33964 y=-0 vx=340 floor=true hit=/root/Autoplay/Main/LevelHolder/Level07/Ground41 maxx=37881 hp=125 respawns=2
  L3 t=52 x=35324 y=-0 vx=340 floor=true hit=/root/Autoplay/Main/LevelHolder/Level07/Ground42 maxx=37881 hp=125 respawns=2
  L3 t=56 x=36685 y=-50 vx=340 floor=true hit=/root/Autoplay/Main/LevelHolder/Level07/Ground45 maxx=37881 hp=125 respawns=2
  L3 t=60 x=37816 y=246 vx=120 floor=false hit=- maxx=37881 hp=125 respawns=2
  L3 t=64 x=35103 y=-0 vx=340 floor=true hit=/root/Autoplay/Main/LevelHolder/Level07/Ground42 maxx=37881 hp=125 respawns=3
  L3 t=68 x=36463 y=-205 vx=340 floor=false hit=- maxx=37881 hp=125 respawns=3
  L3 t=72 x=37824 y=120 vx=340 floor=false hit=- maxx=37881 hp=125 respawns=3
  L3 t=76 x=34882 y=-0 vx=340 floor=true hit=/root/Autoplay/Main/LevelHolder/Level07/Ground41 maxx=37881 hp=125 respawns=4
  L3 t=80 x=36242 y=-110 vx=340 floor=true hit=/root/Autoplay/Main/LevelHolder/Level07/Ground44 maxx=37881 hp=125 respawns=4
  L3 t=84 x=37603 y=-150 vx=340 floor=false hit=- maxx=37881 hp=125 respawns=4
