Godot Engine v4.7.stable.official.5b4e0cb0f - https://godotengine.org

ERROR: Failed to read the root certificate store.
   at: get_system_ca_certificates (platform/windows/os_windows.cpp:2582)
  L3 t=4 x=618 y=-0 vx=340 floor=true hit=/root/Autoplay/Main/LevelHolder/Level07/Ground1 maxx=618 hp=125 respawns=0
  L3 t=8 x=1978 y=-99 vx=340 floor=false hit=- maxx=1978 hp=125 respawns=0
  L3 t=12 x=2322 y=-84 vx=340 floor=false hit=- maxx=2322 hp=125 respawns=0
  L3 t=16 x=2881 y=-67 vx=340 floor=false hit=- maxx=2881 hp=115 respawns=0
  L3 t=20 x=3482 y=-0 vx=0 floor=true hit=/root/Autoplay/Main/LevelHolder/Level07/Ground5 maxx=3482 hp=107 respawns=0
  L3 t=24 x=3709 y=-0 vx=-90 floor=true hit=/root/Autoplay/Main/LevelHolder/Level07/Ground5 maxx=3713 hp=107 respawns=0
  L3 t=28 x=4498 y=-90 vx=340 floor=true hit=/root/Autoplay/Main/LevelHolder/Level07/Ground7 maxx=4498 hp=107 respawns=0
  L3 t=32 x=5369 y=-156 vx=340 floor=false hit=- maxx=5369 hp=125 respawns=0
  L3 t=36 x=6193 y=-0 vx=0 floor=true hit=/root/Autoplay/Main/LevelHolder/Level07/Ground11 maxx=6193 hp=125 respawns=0
  L3 t=40 x=6934 y=-0 vx=340 floor=true hit=/root/Autoplay/Main/LevelHolder/Level07/Ground11 maxx=6934 hp=115 respawns=0
  L3 t=44 x=8294 y=-158 vx=340 floor=false hit=- maxx=8294 hp=115 respawns=0
  L3 t=48 x=9297 y=-0 vx=620 floor=true hit=/root/Autoplay/Main/LevelHolder/Level07/Ground17 maxx=9297 hp=115 respawns=0
  L3 t=52 x=10184 y=-0 vx=340 floor=true hit=/root/Autoplay/Main/LevelHolder/Level07/Ground17 maxx=10184 hp=105 respawns=0
  L3 t=56 x=11544 y=-0 vx=340 floor=true hit=/root/Autoplay/Main/LevelHolder/Level07/Ground18 maxx=11544 hp=105 respawns=0
  L3 t=60 x=12904 y=-0 vx=340 floor=true hit=/root/Autoplay/Main/LevelHolder/Level07/Ground19 maxx=12904 hp=105 respawns=0
  L3 t=64 x=13766 y=-0 vx=340 floor=true hit=/root/Autoplay/Main/LevelHolder/Level07/Ground20 maxx=13766 hp=95 respawns=0
  L3 t=68 x=14475 y=-0 vx=340 floor=true hit=/root/Autoplay/Main/LevelHolder/Level07/Ground20 maxx=14475 hp=125 respawns=0
  L3 t=72 x=14882 y=-0 vx=-47 floor=true hit=/root/Autoplay/Main/LevelHolder/Level07/Ground20 maxx=15068 hp=125 respawns=0
  L3 t=76 x=15121 y=-0 vx=0 floor=true hit=/root/Autoplay/Main/LevelHolder/Level07/Ground20 maxx=15156 hp=125 respawns=0
  L3 t=80 x=14953 y=-0 vx=0 floor=true hit=/root/Autoplay/Main/LevelHolder/Level07/Ground20 maxx=15156 hp=115 respawns=0
  L3 t=84 x=16237 y=-0 vx=340 floor=true hit=/root/Autoplay/Main/LevelHolder/Level07/Ground21 maxx=16237 hp=115 respawns=0
  L3 t=88 x=16944 y=-0 vx=340 floor=true hit=/root/Autoplay/Main/LevelHolder/Level07/Ground21 maxx=16944 hp=115 respawns=0
  L3 t=92 x=17806 y=-0 vx=340 floor=true hit=/root/Autoplay/Main/LevelHolder/Level07/Ground21 maxx=17806 hp=105 respawns=0
  L3 t=96 x=18520 y=-165 vx=340 floor=true hit=/root/Autoplay/Main/LevelHolder/Level07/Ground24 maxx=18520 hp=105 respawns=0
  L3 t=100 x=19879 y=-0 vx=340 floor=true hit=/root/Autoplay/Main/LevelHolder/Level07/Ground22 maxx=19879 hp=105 respawns=0
  L3 t=104 x=20953 y=-0 vx=0 floor=true hit=/root/Autoplay/Main/LevelHolder/Level07/Ground26 maxx=20953 hp=105 respawns=0
  L3 t=108 x=21454 y=-0 vx=250 floor=true hit=/root/Autoplay/Main/LevelHolder/Level07/Ground26 maxx=21454 hp=95 respawns=0
  L3 t=112 x=22812 y=-120 vx=340 floor=true hit=/root/Autoplay/Main/LevelHolder/Level07/Ground28 maxx=22812 hp=95 respawns=0
  L3 t=116 x=24172 y=-60 vx=340 floor=true hit=/root/Autoplay/Main/LevelHolder/Level07/Ground32 maxx=24172 hp=95 respawns=0
  L3 t=120 x=25006 y=-0 vx=340 floor=true hit=/root/Autoplay/Main/LevelHolder/Level07/Ground33 maxx=25006 hp=85 respawns=0
  L3 t=124 x=25718 y=-0 vx=340 floor=true hit=/root/Autoplay/Main/LevelHolder/Level07/Ground33 maxx=25718 hp=85 respawns=0
  L3 t=128 x=26581 y=-0 vx=340 floor=true hit=/root/Autoplay/Main/LevelHolder/Level07/Ground34 maxx=26581 hp=75 respawns=0
  L3 t=132 x=27941 y=-0 vx=340 floor=true hit=/root/Autoplay/Main/LevelHolder/Level07/Ground34 maxx=27941 hp=75 respawns=0
  L3 t=136 x=29295 y=-110 vx=340 floor=true hit=/root/Autoplay/Main/LevelHolder/Level07/Ground36 maxx=29295 hp=75 respawns=0
  L3 t=140 x=29361 y=-152 vx=-254 floor=false hit=- maxx=29438 hp=65 respawns=0
  L3 t=144 x=27108 y=-0 vx=340 floor=true hit=/root/Autoplay/Main/LevelHolder/Level07/Ground34 maxx=29721 hp=125 respawns=1
  L3 t=148 x=28468 y=-0 vx=340 floor=true hit=/root/Autoplay/Main/LevelHolder/Level07/Ground34 maxx=29721 hp=125 respawns=1
  L3 t=152 x=29828 y=-278 vx=340 floor=false hit=- maxx=29828 hp=125 respawns=1
  L3 t=156 x=31148 y=-0 vx=90 floor=true hit=/root/Autoplay/Main/LevelHolder/Level07/Ground40 maxx=31148 hp=125 respawns=1
  L3 t=160 x=31568 y=-0 vx=0 floor=true hit=/root/Autoplay/Main/LevelHolder/Level07/Ground40 maxx=31629 hp=115 respawns=1
  L3 t=164 x=32761 y=-0 vx=340 floor=true hit=/root/Autoplay/Main/LevelHolder/Level07/Ground40 maxx=32761 hp=115 respawns=1
  L3 t=168 x=34121 y=-0 vx=340 floor=true hit=/root/Autoplay/Main/LevelHolder/Level07/Ground41 maxx=34121 hp=125 respawns=1
  L3 t=172 x=34323 y=-0 vx=0 floor=true hit=/root/Autoplay/Main/LevelHolder/Level07/Ground41 maxx=34477 hp=125 respawns=1
  L3 t=176 x=34735 y=-0 vx=200 floor=true hit=/root/Autoplay/Main/LevelHolder/Level07/Ground41 maxx=34735 hp=125 respawns=1
  L3 t=180 x=34975 y=-0 vx=0 floor=true hit=/root/Autoplay/Main/LevelHolder/Level07/Ground41 maxx=34976 hp=115 respawns=1
  L3 t=184 x=34537 y=-0 vx=-200 floor=true hit=/root/Autoplay/Main/LevelHolder/Level07/Ground41 maxx=34976 hp=105 respawns=1
  L3 t=188 x=34512 y=-0 vx=289 floor=true hit=/root/Autoplay/Main/LevelHolder/Level07/Ground41 maxx=34976 hp=95 respawns=1
  L3 t=192 x=35668 y=-107 vx=289 floor=false hit=- maxx=35668 hp=95 respawns=1
  L3 t=196 x=36824 y=-158 vx=289 floor=false hit=- maxx=36824 hp=95 respawns=1
  L3 t=200 x=37980 y=-137 vx=289 floor=false hit=- maxx=37980 hp=95 respawns=1
  L3 t=204 x=38598 y=-0 vx=289 floor=true hit=/root/Autoplay/Main/LevelHolder/Level07/Ground49 maxx=38598 hp=95 respawns=1
  L3 t=208 x=39260 y=-0 vx=0 floor=true hit=/root/Autoplay/Main/LevelHolder/Level07/Ground49 maxx=39260 hp=90 respawns=1
  L3 t=212 x=39964 y=-0 vx=289 floor=true hit=/root/Autoplay/Main/LevelHolder/Level07/Ground49 maxx=39964 hp=90 respawns=1
  L3 t=216 x=40709 y=-0 vx=289 floor=true hit=/root/Autoplay/Main/LevelHolder/Level07/Ground50 maxx=40709 hp=85 respawns=1
  L3 t=220 x=41455 y=-0 vx=289 floor=true hit=/root/Autoplay/Main/LevelHolder/Level07/Ground50 maxx=41455 hp=80 respawns=1
  L3 t=224 x=42074 y=-0 vx=0 floor=true hit=/root/Autoplay/Main/LevelHolder/Level07/Ground50 maxx=42074 hp=110 respawns=1
  L3 t=228 x=42406 y=-0 vx=0 floor=true hit=/root/Autoplay/Main/LevelHolder/Level07/Ground50 maxx=42406 hp=110 respawns=1
  L3 t=232 x=42241 y=-0 vx=-170 floor=true hit=/root/Autoplay/Main/LevelHolder/Level07/Ground50 maxx=42407 hp=106 respawns=1
  L3 t=236 x=41876 y=-0 vx=100 floor=true hit=/root/Autoplay/Main/LevelHolder/Level07/Ground50 maxx=42407 hp=106 respawns=1
  L3 t=240 x=43081 y=-0 vx=289 floor=true hit=/root/Autoplay/Main/LevelHolder/Level07/Ground51 maxx=43081 hp=125 respawns=1
  L3 t=244 x=44237 y=-0 vx=289 floor=true hit=/root/Autoplay/Main/LevelHolder/Level07/Ground51 maxx=44237 hp=125 respawns=1
  L3 t=248 x=45393 y=-120 vx=289 floor=true hit=/root/Autoplay/Main/LevelHolder/Level07/Ground53 maxx=45393 hp=125 respawns=1
  L3 t=252 x=46549 y=-180 vx=289 floor=false hit=- maxx=46549 hp=125 respawns=1
  L3 t=256 x=47442 y=-0 vx=289 floor=true hit=/root/Autoplay/Main/LevelHolder/Level07/Ground57 maxx=47442 hp=125 respawns=1
  L3 t=260 x=48140 y=-0 vx=0 floor=true hit=/root/Autoplay/Main/LevelHolder/Level07/Ground57 maxx=48140 hp=120 respawns=1
  L3 t=264 x=48115 y=-0 vx=0 floor=true hit=/root/Autoplay/Main/LevelHolder/Level07/Ground57 maxx=48198 hp=115 respawns=1
  L3 t=268 x=48227 y=-0 vx=-200 floor=true hit=/root/Autoplay/Main/LevelHolder/Level07/Ground57 maxx=48311 hp=115 respawns=1
  L3 t=272 x=48190 y=-0 vx=0 floor=true hit=/root/Autoplay/Main/LevelHolder/Level07/Ground57 maxx=48311 hp=105 respawns=1
  L3 t=276 x=48524 y=-0 vx=340 floor=true hit=/root/Autoplay/Main/LevelHolder/Level07/Ground57 maxx=48524 hp=125 respawns=1
PROBE Bölüm 3: CLEARED @48960  t=277.3s
